---
source: insta/tests/test_binary.rs
expression: "|file| { file.write_all(&[1, 3, 3, 7]).unwrap(); }"
extension: ""
snapshot_type: binary
---
