---
source: insta/tests/test_binary.rs
expression: "|file| { file.write_all(b\"test\").unwrap(); }"
extension: txt
snapshot_type: binary
---
