---
source: insta/tests/test_binary.rs
expression: "|file| { file.write_all(&[0, 1, 0, 1]).unwrap(); }"
extension: snap
snapshot_type: binary
---
