---
source: insta/tests/test_binary.rs
expression: "b\"test\".to_vec()"
extension: tar.gz
snapshot_type: binary
---
